🧬 RegenMed AI Pro - Comprehensive Backend API Testing
Advanced Regenerative Medicine Knowledge Platform v2.0
Testing All Advanced AI Features & Services
======================================================================

🔍 Testing with existing patient: c458d177-712c-4eb9-8fd3-5f5e41fe7b71 (Sarah Chen)

Running 36 comprehensive API tests...
Including all advanced AI features: Federated Learning, Literature Integration, ML Prediction, DICOM Processing



🔍 Testing Health Check & AI Engine Status...
   URL: https://9add4fe9-ec95-4c25-945f-328dd5122e17.preview.emergentagent.com/api/health
✅ Passed - Status: 200
   Response: {
  "status": "healthy",
  "timestamp": "2025-08-08T20:44:55.574222",
  "version": "2.0.0",
  "services": {
    "database": "connected",
    "ai_engine": "ready",
    "knowledge_base": "loaded"
  }
}
   System Status: healthy
   Database: connected
   AI Engine: ready
   Knowledge Base: loaded
   Version: 2.0.0

🔍 Testing Root API Endpoint...
   URL: https://9add4fe9-ec95-4c25-945f-328dd5122e17.preview.emergentagent.com/api
✅ Passed - Status: 200
   Response: {
  "message": "RegenMed AI Pro - Advanced Regenerative Medicine Platform v2.0"
}
   Message: RegenMed AI Pro - Advanced Regenerative Medicine Platform v2.0

🔍 Testing Advanced System Status & Health...
   URL: https://9add4fe9-ec95-4c25-945f-328dd5122e17.preview.emergentagent.com/api/advanced/system-status
✅ Passed - Status: 200
   Response: {
  "timestamp": "2025-08-08T20:44:55.693071",
  "services": {
    "federated_learning": {
      "status": "active",
      "global_model_participants": 0,
      "last_aggregation": "2025-08-08T20:40:37.382000"
    },
    "literature_integration": {
      "status": "active",
      "papers_monitored":...
   Federated Learning: active
   Literature Integration: active
   DICOM Processing: active
   Outcome Prediction: active
   Total Patients: 19
   Total Protocols: 41
   Literature Papers: 4
   Federated Participants: 3

🔍 Testing Therapy Database & Schools of Thought...
   URL: https://9add4fe9-ec95-4c25-945f-328dd5122e17.preview.emergentagent.com/api/therapies
✅ Passed - Status: 200
   Response: {
  "therapies": [
    {
      "name": "Platelet-Rich Plasma (PRP)",
      "mechanism": [
        "Growth factor release",
        "Tissue regeneration",
        "Anti-inflammatory"
      ],
      "indications": [
        "Osteoarthritis",
        "Tendinopathy",
        "Ligament injuries",
       ...
   Available Therapies: 5
   Schools of Thought: 5
   Sample Therapies: Platelet-Rich Plasma (PRP), Bone Marrow Aspirate Concentrate (BMAC), Wharton's Jelly MSCs
   Sample Schools: traditional_autologous, autologous_non_us, biologics

🔍 Testing Get Patient Details...
   URL: https://9add4fe9-ec95-4c25-945f-328dd5122e17.preview.emergentagent.com/api/patients/c458d177-712c-4eb9-8fd3-5f5e41fe7b71
✅ Passed - Status: 200
   Response: {
  "patient_id": "c458d177-712c-4eb9-8fd3-5f5e41fe7b71",
  "practitioner_id": "demo-practitioner-001",
  "demographics": {
    "name": "Sarah Chen",
    "age": "24",
    "gender": "Female",
    "occupation": "Professional Tennis Player",
    "insurance": "Sports Medicine Elite"
  },
  "chief_compla...
   Retrieved Patient: Sarah Chen
   Chief Complaint: Acute shoulder pain and reduced range of motion fo...
   This may take 30-60 seconds for AI processing...

🔍 Testing AI Patient Analysis (Regenerative Medicine)...
   URL: https://9add4fe9-ec95-4c25-945f-328dd5122e17.preview.emergentagent.com/api/patients/c458d177-712c-4eb9-8fd3-5f5e41fe7b71/analyze
✅ Passed - Status: 200
   Response: {
  "patient_id": "c458d177-712c-4eb9-8fd3-5f5e41fe7b71",
  "diagnostic_results": [
    {
      "diagnosis": "Supraspinatus Tendinopathy (ICD-10: M75.1)",
      "confidence_score": 0.9,
      "reasoning": "Overuse of the supraspinatus tendon during intense training causing inflammation and minor par...
   Generated 2 diagnostic results
   Primary Diagnosis: Supraspinatus Tendinopathy (ICD-10: M75.1)
   Confidence Score: 0.90
   Regenerative Targets: 3
   Mechanisms Involved: 1
✅ Patient Chart Upload - Status: 200
   File ID: 6a3a8ae3-87cd-43fb-a23e-879973372396
   Processing Status: processed
   Confidence Score: 0.85
   Medical Insights: 0
✅ Genetic Data Upload - Status: 200
   File ID: 6429d38d-890d-451b-86a4-e36b7a8cf710
   Regenerative Insights: 0
   Confidence Score: 0.88
✅ DICOM Upload - Status: 200
   File ID: 3025dd64-5466-4f35-8858-a077863f25ae
   Processing Results: 4
   Medical Insights: 0
✅ Lab Results Upload - Status: 200
   File ID: c42b0c3e-e898-458d-bb1b-7f2327be1f08
   Processing Results: 2
   Regenerative Insights: 0

🔍 Testing Get Patient Files...
   URL: https://9add4fe9-ec95-4c25-945f-328dd5122e17.preview.emergentagent.com/api/files/patient/c458d177-712c-4eb9-8fd3-5f5e41fe7b71
✅ Passed - Status: 200
   Response: {
  "patient_id": "c458d177-712c-4eb9-8fd3-5f5e41fe7b71",
  "uploaded_files": [
    {
      "_id": "689661dcc22abb98e375acec",
      "file_id": "c42b0c3e-e898-458d-bb1b-7f2327be1f08",
      "patient_id": "c458d177-712c-4eb9-8fd3-5f5e41fe7b71",
      "filename": "lab_results.csv",
      "file_type": ...
   Patient ID: c458d177-712c-4eb9-8fd3-5f5e41fe7b71
   Total Files: 21
   Uploaded Files: 21
   Processed Files: 21

🔍 Testing Comprehensive Patient File Analysis...
   URL: https://9add4fe9-ec95-4c25-945f-328dd5122e17.preview.emergentagent.com/api/files/comprehensive-analysis/c458d177-712c-4eb9-8fd3-5f5e41fe7b71
✅ Passed - Status: 200
   Response: {
  "patient_id": "c458d177-712c-4eb9-8fd3-5f5e41fe7b71",
  "comprehensive_analysis": {
    "patient_id": "c458d177-712c-4eb9-8fd3-5f5e41fe7b71",
    "total_files": 21,
    "file_types": [
      "unknown"
    ],
    "files_by_category": {
      "unknown": [
        {
          "_id": "68951d56143476...
   Patient ID: c458d177-712c-4eb9-8fd3-5f5e41fe7b71
   Analysis Status: complete
   Multi-modal Insights: 0
   Integrated Recommendations: 0
   Confidence Level: 0.00
   This may take 30-60 seconds for file-based AI protocol generation...

🔍 Testing Generate Protocol from Files...
   URL: https://9add4fe9-ec95-4c25-945f-328dd5122e17.preview.emergentagent.com/api/protocols/generate-from-files?patient_id=c458d177-712c-4eb9-8fd3-5f5e41fe7b71&school_of_thought=ai_optimized
✅ Passed - Status: 200
   Response: {
  "protocol": {
    "protocol_id": "967d9051-8f0b-4572-8792-455f427eb8a0",
    "patient_id": "c458d177-712c-4eb9-8fd3-5f5e41fe7b71",
    "practitioner_id": "demo-practitioner-001",
    "school_of_thought": "ai_optimized",
    "primary_diagnoses": [
      "Supraspinatus Tendinopathy (ICD-10: M75.1)...
   Protocol ID: 967d9051-8f0b-4572-8792-455f427eb8a0
   Files Analyzed: 21
   Enhancement Confidence: 0.00
   Multi-modal Analysis: 0
   Protocol Steps: 2
   This may take 30-60 seconds for AI protocol generation...

🔍 Testing Generate Protocol - Traditional Autologous (US Legal)...
   URL: https://9add4fe9-ec95-4c25-945f-328dd5122e17.preview.emergentagent.com/api/protocols/generate
✅ Passed - Status: 200
   Response: {
  "protocol_id": "f3fda78e-ddf8-4188-b915-c030736ec4f8",
  "patient_id": "c458d177-712c-4eb9-8fd3-5f5e41fe7b71",
  "practitioner_id": "demo-practitioner-001",
  "school_of_thought": "traditional_autologous",
  "primary_diagnoses": [
    "Supraspinatus Tendinopathy (ICD-10: M75.1)",
    "Rotator Cu...
   Protocol ID: f3fda78e-ddf8-4188-b915-c030736ec4f8
   School: traditional_autologous
   Confidence Score: 0.85
   Protocol Steps: 2
   Expected Outcomes: 3
   Legal Warnings: 1
   First Step: Platelet-Rich Plasma (PRP) - 5 mL of PRP
   This may take 30-60 seconds for AI protocol generation...

🔍 Testing Generate Protocol - Biologics & Allogenic...
   URL: https://9add4fe9-ec95-4c25-945f-328dd5122e17.preview.emergentagent.com/api/protocols/generate
✅ Passed - Status: 200
   Response: {
  "protocol_id": "7e53de80-ad2e-4811-adc6-30824b6c575d",
  "patient_id": "c458d177-712c-4eb9-8fd3-5f5e41fe7b71",
  "practitioner_id": "demo-practitioner-001",
  "school_of_thought": "biologics",
  "primary_diagnoses": [
    "Supraspinatus Tendinopathy (ICD-10: M75.1)",
    "Rotator Cuff Syndrome (...
   Protocol ID: 7e53de80-ad2e-4811-adc6-30824b6c575d
   School: biologics
   Confidence Score: 0.85
   Protocol Steps: 2
   Expected Outcomes: 3
   Legal Warnings: 1
   First Step: Wharton's Jelly MSCs - 1x10^6 cells/mL
   This may take 30-60 seconds for AI protocol generation...

🔍 Testing Generate Protocol - AI-Optimized Best Protocol...
   URL: https://9add4fe9-ec95-4c25-945f-328dd5122e17.preview.emergentagent.com/api/protocols/generate
✅ Passed - Status: 200
   Response: {
  "protocol_id": "1695e739-e350-480a-990c-7c8ed01cf424",
  "patient_id": "c458d177-712c-4eb9-8fd3-5f5e41fe7b71",
  "practitioner_id": "demo-practitioner-001",
  "school_of_thought": "ai_optimized",
  "primary_diagnoses": [
    "Supraspinatus Tendinopathy (ICD-10: M75.1)",
    "Rotator Cuff Syndrom...
   Protocol ID: 1695e739-e350-480a-990c-7c8ed01cf424
   School: ai_optimized
   Confidence Score: 0.85
   Protocol Steps: 1
   Expected Outcomes: 3
   Legal Warnings: 1
   First Step: Platelet-Rich Plasma (PRP) - 5 mL of PRP
   This may take 30-60 seconds for AI protocol generation...

🔍 Testing Generate Protocol - Experimental & Cutting-Edge...
   URL: https://9add4fe9-ec95-4c25-945f-328dd5122e17.preview.emergentagent.com/api/protocols/generate
✅ Passed - Status: 200
   Response: {
  "protocol_id": "3e6d7d0e-d2fe-4d93-93e5-522759c2a539",
  "patient_id": "c458d177-712c-4eb9-8fd3-5f5e41fe7b71",
  "practitioner_id": "demo-practitioner-001",
  "school_of_thought": "experimental",
  "primary_diagnoses": [
    "Supraspinatus Tendinopathy (ICD-10: M75.1)",
    "Rotator Cuff Syndrom...
   Protocol ID: 3e6d7d0e-d2fe-4d93-93e5-522759c2a539
   School: experimental
   Confidence Score: 0.85
   Protocol Steps: 2
   Expected Outcomes: 3
   Legal Warnings: 1
   First Step: Platelet-Rich Plasma (PRP) - 5 mL PRP per injection

🔍 Testing Get Protocol Details...
   URL: https://9add4fe9-ec95-4c25-945f-328dd5122e17.preview.emergentagent.com/api/protocols/967d9051-8f0b-4572-8792-455f427eb8a0
✅ Passed - Status: 200
   Response: {
  "protocol_id": "967d9051-8f0b-4572-8792-455f427eb8a0",
  "patient_id": "c458d177-712c-4eb9-8fd3-5f5e41fe7b71",
  "practitioner_id": "demo-practitioner-001",
  "school_of_thought": "ai_optimized",
  "primary_diagnoses": [
    "Supraspinatus Tendinopathy (ICD-10: M75.1)",
    "Rotator Cuff Syndrom...
   Protocol School: ai_optimized
   Status: draft
   Steps Count: 2

🔍 Testing Approve Protocol...
   URL: https://9add4fe9-ec95-4c25-945f-328dd5122e17.preview.emergentagent.com/api/protocols/967d9051-8f0b-4572-8792-455f427eb8a0/approve
✅ Passed - Status: 200
   Response: {
  "status": "approved",
  "approved_at": "2025-08-08T20:47:24.504384"
}
   Approval Status: approved
   Approved At: 2025-08-08T20:47:24.504384

🔍 Testing Register Clinic for Federated Learning...
   URL: https://9add4fe9-ec95-4c25-945f-328dd5122e17.preview.emergentagent.com/api/federated/register-clinic
✅ Passed - Status: 200
   Response: {
  "status": "registered",
  "privacy_preserved": true
}
   Registration Status: registered
   Clinic ID: unknown
   Privacy Level: unknown

🔍 Testing Global Federated Model Status...
   URL: https://9add4fe9-ec95-4c25-945f-328dd5122e17.preview.emergentagent.com/api/federated/global-model-status
✅ Passed - Status: 200
   Response: {
  "model_version": 1,
  "participants": 0,
  "last_updated": "2025-08-07T16:17:32.651000",
  "performance_improvement": 0.05,
  "status": "initialized"
}
   Model Version: 1
   Participants: 0
   Status: initialized
   Performance Improvement: 0.050

🔍 Testing Latest Literature Updates...
   URL: https://9add4fe9-ec95-4c25-945f-328dd5122e17.preview.emergentagent.com/api/literature/latest-updates
✅ Passed - Status: 200
   Response: {
  "processing_result": {
    "new_papers_processed": 4,
    "search_topics": [
      "platelet rich plasma osteoarthritis",
      "stem cell therapy tendinopathy",
      "BMAC rotator cuff",
      "regenerative medicine cartilage repair"
    ],
    "status": "completed",
    "data_source": "pubmed...
   Processing Status: completed
   Recent Papers Found: 4
   Total Papers in DB: 4
   Sample Paper: Platelet-Rich Plasma for Osteoarthritis: A Systema...

🔍 Testing Search Literature Database...
   URL: https://9add4fe9-ec95-4c25-945f-328dd5122e17.preview.emergentagent.com/api/literature/search?query=regenerative%20medicine&limit=10
✅ Passed - Status: 200
   Response: {
  "query": "regenerative medicine",
  "papers": [],
  "total_results": 0,
  "relevance_threshold": 0.7,
  "search_timestamp": "2025-08-08T20:47:26.829088",
  "sources": [
    "local_database",
    "pubmed_api"
  ]
}
   Query: regenerative medicine
   Results Found: 0
   Papers Returned: 0

🔍 Testing Evidence Synthesis System Status...
   URL: https://9add4fe9-ec95-4c25-945f-328dd5122e17.preview.emergentagent.com/api/evidence/synthesis-status
✅ Passed - Status: 200
   Response: {
  "synthesis_engine_status": "active",
  "literature_database": {
    "total_papers": 4,
    "recent_papers": 4,
    "top_search_terms": [
      "MSC exosome therapy",
      "umbilical cord stem cells tendinopathy",
      "PRP knee arthritis",
      "BMAC rotator cuff",
      "bone marrow concentr...
   Synthesis Engine Status: active
   Literature Database Papers: 4
   Database Status: active
   Recent Syntheses: 0
   System Capabilities: 5
   Key Capabilities: comprehensive_literature_analysis, ai_protocol_generation, real_world_outcome_integration
   This may take 30-60 seconds for comprehensive literature analysis...

🔍 Testing Evidence Synthesis - Osteoarthritis Protocol...
   URL: https://9add4fe9-ec95-4c25-945f-328dd5122e17.preview.emergentagent.com/api/evidence/synthesize-protocol
✅ Passed - Status: 200
   Response: {
  "status": "synthesis_completed",
  "condition": "osteoarthritis",
  "synthesis_result": {
    "synthesis_result": "error",
    "error": "cannot access local variable 'json' where it is not associated with a value",
    "fallback_available": true
  },
  "timestamp": "2025-08-08T20:47:29.500513"
}
   Synthesis Status: synthesis_completed
   Condition: osteoarthritis
   Evidence Sources: 0
   Synthesis Confidence: 0.00
   Protocol Generated: False
   This may take 30-60 seconds for comprehensive literature analysis...

🔍 Testing Evidence Synthesis - Rotator Cuff Protocol...
   URL: https://9add4fe9-ec95-4c25-945f-328dd5122e17.preview.emergentagent.com/api/evidence/synthesize-protocol
✅ Passed - Status: 200
   Response: {
  "status": "synthesis_completed",
  "condition": "rotator cuff injury",
  "synthesis_result": {
    "synthesis_result": "error",
    "error": "cannot access local variable 'json' where it is not associated with a value",
    "fallback_available": true
  },
  "timestamp": "2025-08-08T20:47:32.0050...
   Synthesis Status: synthesis_completed
   Condition: rotator cuff injury
   Evidence Sources: 0
   Synthesis Confidence: 0.00

🔍 Testing Evidence Synthesis - Missing Condition (Error Handling)...
   URL: https://9add4fe9-ec95-4c25-945f-328dd5122e17.preview.emergentagent.com/api/evidence/synthesize-protocol
✅ Passed - Status: 400
   Response: {
  "detail": "Condition is required for evidence synthesis"
}
   Error Handling: Correctly returned 400 for missing condition
   Error Detail: Condition is required for evidence synthesis
   Testing with invalid condition...

🔍 Testing Evidence Synthesis - Invalid Condition...
   URL: https://9add4fe9-ec95-4c25-945f-328dd5122e17.preview.emergentagent.com/api/evidence/synthesize-protocol
✅ Passed - Status: 200
   Response: {
  "status": "synthesis_completed",
  "condition": "invalid_medical_condition_xyz123",
  "synthesis_result": {
    "synthesis_result": "error",
    "error": "cannot access local variable 'json' where it is not associated with a value",
    "fallback_available": true
  },
  "timestamp": "2025-08-08T...
   Synthesis Status: synthesis_completed
   System handled invalid condition appropriately

🔍 Testing ML Model Performance Metrics...
   URL: https://9add4fe9-ec95-4c25-945f-328dd5122e17.preview.emergentagent.com/api/predictions/model-performance
✅ Passed - Status: 200
   Response: {
  "status": "models_initializing"
}
   Models Available: 0
   Total Predictions Made: 0

🔍 Testing ML Treatment Outcome Prediction...
   URL: https://9add4fe9-ec95-4c25-945f-328dd5122e17.preview.emergentagent.com/api/predictions/treatment-outcome
❌ Failed - Expected 200, got 500
   Error: Internal Server Error

🔍 Testing DICOM Image Analysis (AI-Powered)...
   URL: https://9add4fe9-ec95-4c25-945f-328dd5122e17.preview.emergentagent.com/api/imaging/analyze-dicom
✅ Passed - Status: 200
   Response: {
  "status": "error",
  "error": "'DICOMProcessingService' object has no attribute '_identify_injection_targets'"
}
   Processing ID: unknown
   Analysis Status: error
   Modality Processed: unknown

🔍 Testing Imaging Analysis History...
   URL: https://9add4fe9-ec95-4c25-945f-328dd5122e17.preview.emergentagent.com/api/imaging/analysis-history/c458d177-712c-4eb9-8fd3-5f5e41fe7b71
✅ Passed - Status: 200
   Response: {
  "patient_id": "c458d177-712c-4eb9-8fd3-5f5e41fe7b71",
  "total_analyses": 0,
  "analyses": []
}
   Patient ID: c458d177-712c-4eb9-8fd3-5f5e41fe7b71
   Total Analyses: 0
   Analyses Returned: 0

🔍 Testing Dashboard Analytics...
   URL: https://9add4fe9-ec95-4c25-945f-328dd5122e17.preview.emergentagent.com/api/analytics/dashboard
✅ Passed - Status: 200
   Response: {
  "summary_stats": {
    "total_patients": 14,
    "protocols_pending": 41,
    "protocols_approved": 5,
    "outcomes_tracked": 0
  },
  "recent_outcomes": [],
  "recent_activities": [
    {
      "_id": "68966265c22abb98e375ad00",
      "timestamp": "2025-08-08T20:47:33.643000",
      "practitio...
   Total Patients: 14
   Protocols Pending: 41
   Protocols Approved: 5
   Outcomes Tracked: 0
   Recent Activities: 20

🔍 Testing Submit Patient Outcome...
   URL: https://9add4fe9-ec95-4c25-945f-328dd5122e17.preview.emergentagent.com/api/outcomes
✅ Passed - Status: 200
   Response: {
  "outcome_id": "382e052d-397d-49c3-894f-058cd4fe9014",
  "protocol_id": "967d9051-8f0b-4572-8792-455f427eb8a0",
  "patient_id": "c458d177-712c-4eb9-8fd3-5f5e41fe7b71",
  "followup_date": "2025-08-08T20:47:33.754339",
  "measurements": {
    "pain_scale": 3,
    "range_of_motion": "improved",
    ...
   Outcome ID: 382e052d-397d-49c3-894f-058cd4fe9014
   Satisfaction Score: 9

🔍 Testing Create Comprehensive Patient Record...
   URL: https://9add4fe9-ec95-4c25-945f-328dd5122e17.preview.emergentagent.com/api/patients
✅ Passed - Status: 200
   Response: {
  "patient_id": "0b236f79-b49f-4a36-a771-4078d4301ab5",
  "practitioner_id": "demo-practitioner-001",
  "demographics": {
    "name": "Dr. Sarah Mitchell",
    "age": "58",
    "gender": "Female",
    "occupation": "Physician",
    "insurance": "Self-pay"
  },
  "chief_complaint": "Bilateral knee ...
   Created Patient ID: 0b236f79-b49f-4a36-a771-4078d4301ab5
   Patient Name: Dr. Sarah Mitchell

🔍 Testing List Patients...
   URL: https://9add4fe9-ec95-4c25-945f-328dd5122e17.preview.emergentagent.com/api/patients
✅ Passed - Status: 200
   Response: [
  {
    "patient_id": "0b236f79-b49f-4a36-a771-4078d4301ab5",
    "practitioner_id": "demo-practitioner-001",
    "demographics": {
      "name": "Dr. Sarah Mitchell",
      "age": "58",
      "gender": "Female",
      "occupation": "Physician",
      "insurance": "Self-pay"
    },
    "chief_comp...
   Found 15 patients
   First patient: Dr. Sarah Mitchell

======================================================================
📊 Test Results: 35/36 tests passed
🎯 Success Rate: 97.2%
⚠️  Most tests passed. Minor issues detected - proceeding to frontend testing.
🔧 Some advanced features may need attention but core functionality works.
